// Jest Snapshot v1, https://goo.gl/fbAQLP

exports[`Test the count resolvers Check that you can inject types attributes and associations into a random Type 1`] = `Array []`;

exports[`Test the count resolvers Check that you can inject types attributes and associations into a random Type: Users ids should only be odd. 1`] = `
Object {
  "users": Array [
    Object {
      "company": Object {
        "id": 1,
      },
      "id": 1,
      "name": "Test 1 c 2",
    },
    Object {
      "company": Object {
        "id": 1,
      },
      "id": 3,
      "name": "Test 3 c 2",
    },
    Object {
      "company": Object {
        "id": 1,
      },
      "id": 5,
      "name": "Test 5 c 2",
    },
    Object {
      "company": Object {
        "id": 1,
      },
      "id": 7,
      "name": "Test 7 c 2",
    },
    Object {
      "company": Object {
        "id": 1,
      },
      "id": 9,
      "name": "Test 9 c 2",
    },
    Object {
      "company": null,
      "id": 21,
      "name": "Test 21 c 2",
    },
    Object {
      "company": null,
      "id": 23,
      "name": "Test 23 c 2",
    },
    Object {
      "company": null,
      "id": 25,
      "name": "Test 25 c 2",
    },
    Object {
      "company": null,
      "id": 27,
      "name": "Test 27 c 2",
    },
    Object {
      "company": null,
      "id": 29,
      "name": "Test 29 c 2",
    },
  ],
}
`;

exports[`Test the count resolvers Check that you can query a custom list resolver 1`] = `
Array [
  "listGlobalBefore",
  "listGlobalBefore",
  "listBefore",
  "countBefore",
  "listAfter",
]
`;

exports[`Test the count resolvers Check that you can query a custom list resolver: Users ids and count 1`] = `
Object {
  "user": Array [
    Object {
      "id": 5,
    },
    Object {
      "id": 10,
    },
  ],
  "userCount": 2,
}
`;

exports[`Test the count resolvers Check that you cannot query the count resolver if it is not defined 1`] = `[Error: cannot GET /graphql?query=%0A%20%20%20%20%20%20%20%20%20%20query%20getLogCount%20%7B%0A%20%20%20%20%20%20%20%20%20%20%20%20%20%20logCount%0A%20%20%20%20%20%20%20%20%20%20%7D (400)]`;

exports[`Test the count resolvers Check that you cannot query the count resolver if it is not defined 2`] = `Array []`;
