// Jest Snapshot v1, https://goo.gl/fbAQLP

exports[`Test the count resolvers Check that you can inject types attributes and associations into a random Type 1`] = `Array []`;

exports[`Test the count resolvers Check that you can inject types attributes and associations into a random Type: Users ids should only be odd. 1`] = `
Object {
  "users": Array [
    Object {
      "company": Object {
        "id": 1,
      },
      "id": 1,
      "name": "Test 1 c 2",
    },
    Object {
      "company": Object {
        "id": 1,
      },
      "id": 3,
      "name": "Test 3 c 2",
    },
    Object {
      "company": Object {
        "id": 1,
      },
      "id": 5,
      "name": "Test 5 c 2",
    },
    Object {
      "company": Object {
        "id": 1,
      },
      "id": 7,
      "name": "Test 7 c 2",
    },
    Object {
      "company": Object {
        "id": 1,
      },
      "id": 9,
      "name": "Test 9 c 2",
    },
    Object {
      "company": Object {
        "id": 1,
      },
      "id": 11,
      "name": "Test 11 c 2",
    },
    Object {
      "company": Object {
        "id": 1,
      },
      "id": 13,
      "name": "Test 13 c 2",
    },
    Object {
      "company": Object {
        "id": 1,
      },
      "id": 15,
      "name": "Test 15 c 2",
    },
    Object {
      "company": Object {
        "id": 1,
      },
      "id": 17,
      "name": "Test 17 c 2",
    },
    Object {
      "company": Object {
        "id": 1,
      },
      "id": 19,
      "name": "Test 19 c 2",
    },
  ],
}
`;

exports[`Test the count resolvers Check that you can query a custom list resolver 1`] = `Array []`;

exports[`Test the count resolvers Check that you can query a custom list resolver: Users ids and count 1`] = `
Object {
  "user": Array [
    Object {
      "id": 5,
    },
    Object {
      "id": 10,
    },
    Object {
      "id": 15,
    },
    Object {
      "id": 20,
    },
    Object {
      "id": 25,
    },
    Object {
      "id": 30,
    },
    Object {
      "id": 35,
    },
    Object {
      "id": 40,
    },
    Object {
      "id": 45,
    },
    Object {
      "id": 50,
    },
    Object {
      "id": 55,
    },
    Object {
      "id": 60,
    },
    Object {
      "id": 65,
    },
    Object {
      "id": 70,
    },
    Object {
      "id": 75,
    },
    Object {
      "id": 80,
    },
    Object {
      "id": 85,
    },
    Object {
      "id": 90,
    },
    Object {
      "id": 95,
    },
    Object {
      "id": 100,
    },
    Object {
      "id": 105,
    },
    Object {
      "id": 110,
    },
    Object {
      "id": 115,
    },
    Object {
      "id": 120,
    },
    Object {
      "id": 125,
    },
    Object {
      "id": 130,
    },
    Object {
      "id": 135,
    },
    Object {
      "id": 140,
    },
    Object {
      "id": 145,
    },
    Object {
      "id": 150,
    },
    Object {
      "id": 155,
    },
    Object {
      "id": 160,
    },
    Object {
      "id": 165,
    },
    Object {
      "id": 170,
    },
    Object {
      "id": 175,
    },
    Object {
      "id": 180,
    },
    Object {
      "id": 185,
    },
    Object {
      "id": 190,
    },
    Object {
      "id": 195,
    },
    Object {
      "id": 200,
    },
    Object {
      "id": 205,
    },
    Object {
      "id": 210,
    },
    Object {
      "id": 215,
    },
    Object {
      "id": 220,
    },
    Object {
      "id": 225,
    },
    Object {
      "id": 230,
    },
    Object {
      "id": 235,
    },
    Object {
      "id": 240,
    },
    Object {
      "id": 245,
    },
    Object {
      "id": 250,
    },
  ],
  "userCount": 50,
}
`;
