// Jest Snapshot v1, https://goo.gl/fbAQLP

exports[`Test the custom mutations Check that you can call a custom Mutation 1`] = `
Array [
  "logThatCustomResolver",
]
`;

exports[`Test the custom mutations Check that you can call a custom Mutation: The sent message 1`] = `
Object {
  "message": "Hello",
}
`;

exports[`Test the custom mutations Check that you can call an additional mutation on a model 1`] = `Array []`;

exports[`Test the custom mutations Check that you can call an additional mutation on a model: The anonymized log 1`] = `
Object {
  "id": 1,
  "message": "Anonymized",
}
`;
